ASxxxx Linker V03.00 + NoICE + sdld,  page 1.
Hexadecimal  [32-Bits]

Area                                    Addr        Size        Decimal Bytes (Attributes)
--------------------------------        ----        ----        ------- ----- ------------
.  .ABS.                            00000000    00000000 =           0. bytes (ABS,CON)

      Value  Global                              Global Defined In Module
      -----  --------------------------------   ------------------------
     00000000  .__.ABS.                           
     00000000  l__CABS                         
     00000000  l__DABS                         
     00000000  l__GSFINAL                      
     00000000  l__GSINIT                       
     00000000  l__HOME                         
     00000000  l__INITIALIZED                  
     00000000  l__INITIALIZER                  
     00000000  l__g_tablatrans_                
     00000000  s__CABS                         
     00000000  s__DABS                         
     00000000  s__g_tablatrans_                
     00000000  s__g_tablatrans_0               
     000000CC  l__CSEG                         
     000000E3  l__DATA                         
     00000100  l__g_tablatrans_0               
     00001000  s__CODE                         
     000023F7  l__CODE                         
     000033F7  s__DATA                         
     000034DA  s__CSEG                         
     000034DA  s__GSFINAL                      
     000034DA  s__GSINIT                       
     000034DA  s__HOME                         
     000034DA  s__INITIALIZED                  
     000034DA  s__INITIALIZER                  
     0000A8DC  _keys1                             main
     0000A92B  _keys2                             main
     0000B000  _screenBuffer0                     main

ASxxxx Linker V03.00 + NoICE + sdld,  page 2.
Hexadecimal  [32-Bits]

Area                                    Addr        Size        Decimal Bytes (Attributes)
--------------------------------        ----        ----        ------- ----- ------------
_CODE                               00001000    000023F7 =        9207. bytes (REL,CON)

      Value  Global                              Global Defined In Module
      -----  --------------------------------   ------------------------
     00001000  _g_font_chars                      font_chars
     000012F4  _g_markers_0                       markers
     00001354  _g_markers_1                       markers
     000013B4  _sp_tiles_0                        tiles
     000013E4  _sp_tiles_1                        tiles
     00001414  _sp_tiles_2                        tiles
     00001444  _sp_tiles_3                        tiles
     00001474  _sp_tiles_4                        tiles
     000014A4  _sp_tiles_5                        tiles
     000014D4  _sp_tiles_6                        tiles
     00001504  _sp_tiles_7                        tiles
     00001534  _sp_tiles_8                        tiles
     00001564  _dummy_cpct_transparentMaskTable   main
     00001564  _man_board_create                  BoardManager
     00001589  _tiles                             BoardManager
     0000159B  _man_board_init                    BoardManager
     00001620  _man_board_update                  BoardManager
     00001621  _man_board_render                  BoardManager
     000016E7  _man_game_init                     GameManager
     00001736  _man_game_update                   GameManager
     00001739  _man_game_render                   GameManager
     0000173F  _man_player_init                   PlayerManager
     00001745  _man_player_createPlayer           PlayerManager
     000017FD  _man_player_get_player             PlayerManager
     0000180F  _man_player_update                 PlayerManager
     00001810  _man_player_render                 PlayerManager
     00001811  _clearScreen                       tools
     0000182F  _drawWindow                        tools
     00001A46  _updateNumber                      tools
     00001AA9  _resultNumber                      tools
     00001B8A  _resultYesNo                       tools
     00001BC4  _showMessage                       tools
     00001CF7  _drawCompressToScreen              tools
     00001D58  _winape_breakpoint                 tools
     00001D60  _sys_input_init                    InputSystem
     00001D61  _sys_input_update                  InputSystem
     00001DB6  _sys_render_init                   RenderSystem
     00001DE3  _draw_player                       RenderSystem
     00001E30  _sys_render_update                 RenderSystem
     00001E57  _strLength                         text
     00001E6D  _swapColors                        text
     00001E85  _strCopy                           text
     00001EAE  _drawText                          text
     000022BD  _initKeys                          keyboard
     000022FD  _keysSINGLE                        keyboard
     0000231C  _keys1VS                           keyboard
     0000233B  _keys2VS                           keyboard
     0000235A  _wait4OneKey                       keyboard
     00002369  _wait4UserKeypress                 keyboard
     00002387  _waitKeyUp                         keyboard
ASxxxx Linker V03.00 + NoICE + sdld,  page 3.
Hexadecimal  [32-Bits]

Area                                    Addr        Size        Decimal Bytes (Attributes)
--------------------------------        ----        ----        ------- ----- ------------
_CODE                               00001000    000023F7 =        9207. bytes (REL,CON)

      Value  Global                              Global Defined In Module
      -----  --------------------------------   ------------------------
     00002396  _cpct_getScreenToSprite            cpct_sprites
     000023BD  _cpct_scanKeyboard_f               cpct_keyboard
     000023BD  cpct_scanKeyboard_f_asm            cpct_keyboard
     00002427  _cpct_isKeyPressed                 cpct_keyboard
     00002427  cpct_isKeyPressed_asm              cpct_keyboard
     00002433  _cpct_setPalette                   cpct_video
     0000244A  _cpct_setPALColour                 cpct_video
     00002456  _cpct_drawSprite                   cpct_sprites
     000024FB  __moduchar                         
     00002507  __moduint                          
     00002512  _cpct_keyboardStatusBuffer         cpct_keyboard
     0000251C  _cpct_waitHalts                    cpct_memutils
     00002521  _cpct_setSeed_mxor                 cpct_random
     00002521  cpct_setSeed_mxor_asm              cpct_random
     00002529  __divuint                          
     00002531  __divuchar                         
     00002538  __divu8                            
     0000253B  __divu16                           
     0000256A  _cpct_restoreState_mxor_u8         cpct_random
     0000256A  cpct_restoreState_mxor_u8_asm      cpct_random
     00002570  _cpct_setBlendMode                 cpct_sprites
     00002570  cpct_setBlendMode_asm              cpct_sprites
     00002576  _cpct_getRandom_mxor_u8            cpct_random
     00002576  cpct_getRandom_mxor_u8_asm         cpct_random
     00002577  cpct_randomIdx_mxor_u8             cpct_random
     0000259B  _cpct_setStackLocation             cpct_memutils
     0000259B  cpct_setStackLocation_asm          cpct_memutils
     000025BF  _vsprintf                          sprintf
     000025F4  _sprintf                           sprintf
     00002629  _cpct_nextRandom_mxor_u32          cpct_random
     00002629  cpct_nextRandom_mxor_u32_asm       cpct_random
     0000264C  _cpct_isAnyKeyPressed              cpct_keyboard
     0000264C  cpct_isAnyKeyPressed_asm           cpct_keyboard
     00002659  _cpct_isAnyKeyPressed_f            cpct_keyboard
     00002659  cpct_isAnyKeyPressed_f_asm         cpct_keyboard
     00002674  _cpct_zx7b_decrunch_s              cpct_compression
     000026B7  _cpct_setVideoMode                 cpct_video
     000026C5  _cpct_memcpy                       cpct_memutils
     000026CD  _cpct_px2byteM0                    cpct_sprites
     000026E9  _cpct_memset                       cpct_memutils
     000026F7  _cpct_disableFirmware              cpct_firmware
     000026F7  _cpct_removeInterruptHandler       cpct_firmware
     000026F7  cpct_disableFirmware_asm           cpct_firmware
     000026F7  cpct_removeInterruptHandler_asm    cpct_firmware
     00002707  _cpct_drawSolidBox                 cpct_sprites
     000027B2  _cpct_drawSpriteBlended            cpct_sprites
     000027BC  _cpct_dsb_blendFunction            cpct_sprites
     000027DD  _cpct_mode_rom_status              cpct_firmware
     000027DE  _cpct_drawSpriteMaskedAlignedTab   cpct_sprites
     00002819  _cpct_getScreenPtr                 cpct_video
     00002839  _cpct_scanKeyboard                 cpct_keyboard
ASxxxx Linker V03.00 + NoICE + sdld,  page 4.
Hexadecimal  [32-Bits]

Area                                    Addr        Size        Decimal Bytes (Attributes)
--------------------------------        ----        ----        ------- ----- ------------
_CODE                               00001000    000023F7 =        9207. bytes (REL,CON)

      Value  Global                              Global Defined In Module
      -----  --------------------------------   ------------------------
     00002839  cpct_scanKeyboard_asm              cpct_keyboard
     0000286A  _cpct_setInterruptHandler          cpct_firmware
     0000286A  cpct_setInterruptHandler_asm       cpct_firmware
     0000287B  cpct_safeInterruptHandlerHook      cpct_firmware
     00002991  __print_format                     printf_large
     000033D3  _cpct_mxor32_seed                  cpct_random
     000033D7  ___sdcc_call_hl                    
     000033D8  dc_mode0_ct                        cpct_strings
     000033E8  _strlen                            

ASxxxx Linker V03.00 + NoICE + sdld,  page 5.
Hexadecimal  [32-Bits]

Area                                    Addr        Size        Decimal Bytes (Attributes)
--------------------------------        ----        ----        ------- ----- ------------
_DATA                               000033F7    000000E3 =         227. bytes (REL,CON)

      Value  Global                              Global Defined In Module
      -----  --------------------------------   ------------------------
     000033F7  _g_nInterrupt                      main
     000033F8  _i_time                            main
     000033FC  _board                             BoardManager
     00003495  _players_list                      PlayerManager
     000034D6  _render                            RenderSystem

ASxxxx Linker V03.00 + NoICE + sdld,  page 6.
Hexadecimal  [32-Bits]

Area                                    Addr        Size        Decimal Bytes (Attributes)
--------------------------------        ----        ----        ------- ----- ------------
_g_tablatrans_0                     00000000    00000100 =         256. bytes (ABS,CON)

      Value  Global                              Global Defined In Module
      -----  --------------------------------   ------------------------
     00000200  _g_tablatrans                      main

ASxxxx Linker V03.00 + NoICE + sdld,  page 7.
Hexadecimal  [32-Bits]

Area                                    Addr        Size        Decimal Bytes (Attributes)
--------------------------------        ----        ----        ------- ----- ------------
_CSEG                               000034DA    000000CC =         204. bytes (REL,CON)

      Value  Global                              Global Defined In Module
      -----  --------------------------------   ------------------------
     000034DA  _myInterruptHandler                main
     00003506  _sp_palette0                       main
     00003516  _initMain                          main
     00003589  _main                              main

ASxxxx Linker V03.00 + NoICE + sdld,  page 8.

Files Linked                              [ module(s) ]

obj/sprites/font_chars.rel                [ font_chars ]
obj/sprites/markers.rel                   [ markers ]
obj/sprites/tiles.rel                     [ tiles ]
obj/main.rel                              [ main ]
obj/man/BoardManager.rel                  [ BoardManager ]
obj/man/GameManager.rel                   [ GameManager ]
obj/man/PlayerManager.rel                 [ PlayerManager ]
obj/util/tools.rel                        [ tools ]
obj/sys/InputSystem.rel                   [ InputSystem ]
obj/sys/RenderSystem.rel                  [ RenderSystem ]
obj/text/text.rel                         [ text ]
obj/keyboard/keyboard.rel                 [ keyboard ]


Libraries Linked                          [ object file ]

/Users/david/Documents/retro/proyectos/cpctelera/cpctelera/cpctelera.lib
                                          [ cpct_getScreenToSprite_cbindings ]
/Users/david/Documents/retro/proyectos/cpctelera/cpctelera/cpctelera.lib
                                          [ cpct_scanKeyboard_f.rel ]
/Users/david/Documents/retro/proyectos/cpctelera/cpctelera/cpctelera.lib
                                          [ cpct_isKeyPressed.rel ]
/Users/david/Documents/retro/proyectos/cpctelera/cpctelera/cpctelera.lib
                                          [ cpct_setPalette_cbindings.rel ]
/Users/david/Documents/retro/proyectos/cpctelera/cpctelera/cpctelera.lib
                                          [ cpct_setPALColour_cbindings.rel ]
/Users/david/Documents/retro/proyectos/cpctelera/cpctelera/cpctelera.lib
                                          [ cpct_drawSprite_cbindings.rel ]
/Users/david/Documents/retro/proyectos/cpctelera/cpctelera/tools/sdcc-3.6.8-r9946/bin/../share/sdcc/lib/z80/z80.lib
                                          [ modunsigned.rel ]
/Users/david/Documents/retro/proyectos/cpctelera/cpctelera/cpctelera.lib
                                          [ keyboard.rel ]
/Users/david/Documents/retro/proyectos/cpctelera/cpctelera/cpctelera.lib
                                          [ cpct_waitHalts_cbindings.rel ]
/Users/david/Documents/retro/proyectos/cpctelera/cpctelera/cpctelera.lib
                                          [ cpct_setSeed_mxor.rel ]
/Users/david/Documents/retro/proyectos/cpctelera/cpctelera/tools/sdcc-3.6.8-r9946/bin/../share/sdcc/lib/z80/z80.lib
                                          [ divunsigned.rel ]
/Users/david/Documents/retro/proyectos/cpctelera/cpctelera/cpctelera.lib
                                          [ cpct_restoreState_mxor_u8.rel ]
/Users/david/Documents/retro/proyectos/cpctelera/cpctelera/cpctelera.lib
                                          [ cpct_setBlendMode.rel ]
/Users/david/Documents/retro/proyectos/cpctelera/cpctelera/cpctelera.lib
                                          [ cpct_getRandom_mxor_u8.rel ]
/Users/david/Documents/retro/proyectos/cpctelera/cpctelera/cpctelera.lib
                                          [ cpct_setStackLocation.rel ]
/Users/david/Documents/retro/proyectos/cpctelera/cpctelera/tools/sdcc-3.6.8-r9946/bin/../share/sdcc/lib/z80/z80.lib
                                          [ sprintf.rel ]
/Users/david/Documents/retro/proyectos/cpctelera/cpctelera/cpctelera.lib
                                          [ cpct_nextRandom_mxor_u32.rel ]
/Users/david/Documents/retro/proyectos/cpctelera/cpctelera/cpctelera.lib
                                          [ cpct_isAnyKeyPressed.rel ]
/Users/david/Documents/retro/proyectos/cpctelera/cpctelera/cpctelera.lib
                                          [ cpct_isAnyKeyPressed_f.rel ]
/Users/david/Documents/retro/proyectos/cpctelera/cpctelera/cpctelera.lib
                                          [ cpct_zx7b_decrunch_s_cbindings.r ]
/Users/david/Documents/retro/proyectos/cpctelera/cpctelera/cpctelera.lib
                                          [ cpct_setVideoMode_cbindings.rel ]
/Users/david/Documents/retro/proyectos/cpctelera/cpctelera/cpctelera.lib
                                          [ cpct_memcpy_cbindings.rel ]
/Users/david/Documents/retro/proyectos/cpctelera/cpctelera/cpctelera.lib
                                          [ cpct_px2byteM0_cbindings.rel ]
/Users/david/Documents/retro/proyectos/cpctelera/cpctelera/cpctelera.lib
                                          [ cpct_memset_cbinding.rel ]
/Users/david/Documents/retro/proyectos/cpctelera/cpctelera/cpctelera.lib
                                          [ cpct_removeInterruptHandler.rel ]
/Users/david/Documents/retro/proyectos/cpctelera/cpctelera/cpctelera.lib
                                          [ cpct_drawSolidBox_cbindings.rel ]
/Users/david/Documents/retro/proyectos/cpctelera/cpctelera/cpctelera.lib
                                          [ cpct_drawSpriteBlended_cbindings ]
/Users/david/Documents/retro/proyectos/cpctelera/cpctelera/cpctelera.lib
                                          [ cpc_mode_rom_status.rel ]
/Users/david/Documents/retro/proyectos/cpctelera/cpctelera/cpctelera.lib
                                          [ cpct_drawSpriteMaskedAlignedTabl ]
/Users/david/Documents/retro/proyectos/cpctelera/cpctelera/cpctelera.lib
                                          [ cpct_getScreenPtr_cbindings.rel ]
/Users/david/Documents/retro/proyectos/cpctelera/cpctelera/cpctelera.lib
                                          [ cpct_scanKeyboard.rel ]
/Users/david/Documents/retro/proyectos/cpctelera/cpctelera/cpctelera.lib
                                          [ cpct_setInterruptHandler.rel ]
/Users/david/Documents/retro/proyectos/cpctelera/cpctelera/tools/sdcc-3.6.8-r9946/bin/../share/sdcc/lib/z80/z80.lib
                                          [ printf_large.rel ]
/Users/david/Documents/retro/proyectos/cpctelera/cpctelera/cpctelera.lib
                                          [ cpct_mxor32_seed.rel ]
/Users/david/Documents/retro/proyectos/cpctelera/cpctelera/tools/sdcc-3.6.8-r9946/bin/../share/sdcc/lib/z80/z80.lib
                                          [ __sdcc_call_hl.rel ]
/Users/david/Documents/retro/proyectos/cpctelera/cpctelera/cpctelera.lib
                                          [ cpct_dc_mode0_ct.rel ]
/Users/david/Documents/retro/proyectos/cpctelera/cpctelera/tools/sdcc-3.6.8-r9946/bin/../share/sdcc/lib/z80/z80.lib
                                          [ strlen.rel ]

ASxxxx Linker V03.00 + NoICE + sdld,  page 9.

User Base Address Definitions

_CODE = 0x1000
_DATA = 0x0000

